
Allocating common symbols
Common symbol       size              file

netbufpool          0x4               binaries/net.o
readylist           0x2               binaries/ready.o
rfltab              0x5a0             binaries/rflinit.o
sleepq              0x2               binaries/clkinit.o
nnames              0x4               binaries/naminit.o
udptab              0x168             binaries/udp.o
minheap             0x4               binaries/meminit.o
marks               0x50              binaries/mark.o
currpid             0x4               binaries/initialize.o
Lf_data             0x20c             binaries/lfsinit.o
porttab             0x2d0             binaries/ptinit.o
girmask             0x2               binaries/evec.o
ttytab              0x110             binaries/ttyinit.o
proctab             0x15e0            binaries/initialize.o
prcount             0x4               binaries/initialize.o
lfltab              0xf00             binaries/lflinit.o
rdstab              0x8c              binaries/rdsinit.o
ethertab            0x138             binaries/ethinit.o
nsaddr              0x4               binaries/dns.o
NetData             0xa8              binaries/net.o
nmarks              0x4               binaries/mark.o
Defer               0x8               binaries/resched.o
semtab              0x4b0             binaries/initialize.o
maxheap             0x4               binaries/meminit.o
preempt             0x4               binaries/clkinit.o
buftab              0xf0              binaries/bufinit.o
Rf_data             0x18              binaries/rfsinit.o
mkmutex             0x4               binaries/mark.o
clktime             0x4               binaries/clkinit.o
arpcache            0x140             binaries/arp.o
icmptab             0x230             binaries/icmp.o
nbpools             0x4               binaries/bufinit.o
queuetab            0x980             binaries/queue.o
ptnextid            0x4               binaries/ptinit.o
Ram                 0x19000           binaries/raminit.o
ipoqueue            0x2c              binaries/ip.o
memlist             0x8               binaries/initialize.o
nametab             0x19a0            binaries/naminit.o
ptfree              0x4               binaries/ptinit.o

Memory Configuration

Name             Origin             Length             Attributes
*default*        0x0000000000000000 0xffffffffffffffff

Linker script and memory map

                0x0000000000100000                physbase = 0x100000
                0x0000000000100000                . = physbase
                0x0000000000100000                . = ALIGN (0x1000)

.text           0x0000000000100000    0x15000
                0x0000000000100000                text = ABSOLUTE (.)
 *(.text .text.*)
 .text          0x0000000000100000      0x1ac binaries/start.o
                0x0000000000100028                start
                0x00000000001000fa                inb
                0x0000000000100102                inw
                0x000000000010010b                inl
                0x0000000000100113                outb
                0x000000000010011d                outw
                0x0000000000100128                outl
                0x0000000000100132                _rtcin
                0x000000000010013d                ___udivsi3
                0x0000000000100148                ___divsi3
                0x0000000000100154                sbzero
                0x0000000000100164                bcopy
                0x0000000000100178                insw
                0x000000000010018e                outsw
                0x00000000001001a4                lidt
 .text          0x00000000001001ac      0x2f6 binaries/ascdate.o
                0x00000000001001ac                ascdate
 .text          0x00000000001004a2       0x10 binaries/bufinit.o
                0x00000000001004a2                bufinit
 .text          0x00000000001004b2       0x6a binaries/chprio.o
                0x00000000001004b2                chprio
 .text          0x000000000010051c       0x73 binaries/clkhandler.o
                0x000000000010051c                clkhandler
 .text          0x000000000010058f       0x76 binaries/clkinit.o
                0x000000000010058f                clkinit
 .text          0x0000000000100605       0x4e binaries/close.o
                0x0000000000100605                close
 .text          0x0000000000100653        0x0 binaries/conf.o
 .text          0x0000000000100653       0x66 binaries/control.o
                0x0000000000100653                control
 .text          0x00000000001006b9      0x2b4 binaries/create.o
                0x00000000001006b9                create
 .text          0x000000000010096d      0x2b9 binaries/early_imr.o
                0x000000000010096d                intel_cln_early_sb_read_reg
                0x00000000001009d4                intel_cln_early_sb_write_reg
                0x0000000000100ae4                remove_irm_protections
 .text          0x0000000000100c26      0x376 binaries/evec.o
                0x0000000000100c26                setirmask
                0x0000000000100c64                set_evec
                0x0000000000100cc1                initevec
                0x0000000000100dd1                trap
 .text          0x0000000000100f9c       0x14 binaries/exit.o
                0x0000000000100f9c                exit
 .text          0x0000000000100fb0       0x67 binaries/freebuf.o
                0x0000000000100fb0                freebuf
 .text          0x0000000000101017       0xeb binaries/freemem.o
                0x0000000000101017                freemem
 .text          0x0000000000101102       0x64 binaries/getbuf.o
                0x0000000000101102                getbuf
 .text          0x0000000000101166       0x4e binaries/getc.o
                0x0000000000101166                getc
 .text          0x00000000001011b4       0x60 binaries/getdev.o
                0x00000000001011b4                getdev
 .text          0x0000000000101214       0x83 binaries/getitem.o
                0x0000000000101214                getitem
                0x0000000000101240                getfirst
                0x0000000000101269                getlast
 .text          0x0000000000101297       0xb2 binaries/getmem.o
                0x0000000000101297                getmem
 .text          0x0000000000101349        0x6 binaries/getpid.o
                0x0000000000101349                getpid
 .text          0x000000000010134f       0x5c binaries/getprio.o
                0x000000000010134f                getprio
 .text          0x00000000001013ab       0x9a binaries/getstk.o
                0x00000000001013ab                getstk
 .text          0x0000000000101445       0x34 binaries/gettime.o
                0x0000000000101445                gettime
 .text          0x0000000000101479      0x1b8 binaries/getutime.o
                0x0000000000101479                getutime
 .text          0x0000000000101631       0x4e binaries/init.o
                0x0000000000101631                init
 .text          0x000000000010167f      0x2ff binaries/initialize.o
                0x000000000010167f                nulluser
                0x0000000000101929                stop
                0x0000000000101950                delay
 .text          0x000000000010197e       0xa0 binaries/insert.o
                0x000000000010197e                insert
 .text          0x0000000000101a1e       0xe9 binaries/insertd.o
                0x0000000000101a1e                insertd
 .text          0x0000000000101b07        0x6 binaries/ioerr.o
                0x0000000000101b07                ioerr
 .text          0x0000000000101b0d        0x6 binaries/ionull.o
                0x0000000000101b0d                ionull
 .text          0x0000000000101b13      0x13a binaries/kill.o
                0x0000000000101b13                kill
 .text          0x0000000000101c4d       0x92 binaries/kprintf.o
                0x0000000000101c4d                kputc
                0x0000000000101c8b                kgetc
                0x0000000000101cb7                kprintf
 .text          0x0000000000101cdf       0xa5 binaries/main.o
                0x0000000000101cdf                main
 .text          0x0000000000101d84       0x93 binaries/mark.o
                0x0000000000101d84                markinit
                0x0000000000101da6                mark
 .text          0x0000000000101e17      0x1d7 binaries/meminit.o
                0x0000000000101e17                meminit
                0x0000000000101f77                setsegs
 .text          0x0000000000101fee      0x15f binaries/mkbufpool.o
                0x0000000000101fee                mkbufpool
 .text          0x000000000010214d       0x5e binaries/newqueue.o
                0x000000000010214d                newqueue
 .text          0x00000000001021ab       0x5e binaries/open.o
                0x00000000001021ab                open
 .text          0x0000000000102209       0x1e binaries/panic.o
                0x0000000000102209                panic
 .text          0x0000000000102227      0x26e binaries/pci.o
                0x0000000000102227                pci_init
                0x000000000010222d                find_pci_device
                0x00000000001022e3                pci_read_config_byte
                0x000000000010231e                pci_read_config_word
                0x000000000010235b                pci_read_config_dword
                0x0000000000102396                pci_write_config_byte
                0x00000000001023cf                pci_write_config_word
                0x0000000000102409                pci_write_config_dword
                0x0000000000102442                pci_get_dev_mmio_base_addr
 .text          0x0000000000102495       0x98 binaries/platinit.o
                0x0000000000102495                console_init
                0x00000000001024d4                platinit
 .text          0x000000000010252d       0xa3 binaries/ptclear.o
                0x000000000010252d                _ptclear
 .text          0x00000000001025d0       0x6e binaries/ptcount.o
                0x00000000001025d0                ptcount
 .text          0x000000000010263e       0xc0 binaries/ptcreate.o
                0x000000000010263e                ptcreate
 .text          0x00000000001026fe       0x66 binaries/ptdelete.o
                0x00000000001026fe                ptdelete
 .text          0x0000000000102764       0x89 binaries/ptinit.o
                0x0000000000102764                ptinit
 .text          0x00000000001027ed       0xb5 binaries/ptrecv.o
                0x00000000001027ed                ptrecv
 .text          0x00000000001028a2       0x60 binaries/ptreset.o
                0x00000000001028a2                ptreset
 .text          0x0000000000102902       0xd0 binaries/ptsend.o
                0x0000000000102902                ptsend
 .text          0x00000000001029d2       0x5d binaries/putc.o
                0x00000000001029d2                putc
 .text          0x0000000000102a2f       0xd5 binaries/quark_irq.o
                0x0000000000102a2f                quark_irq_routing
 .text          0x0000000000102b04      0x1c9 binaries/quark_pdat.o
                0x0000000000102b04                get_quark_pdat_entry_data_by_id
                0x0000000000102be5                get_quark_pdat_entry_data_by_desc
 .text          0x0000000000102ccd       0xb3 binaries/queue.o
                0x0000000000102ccd                enqueue
                0x0000000000102d39                dequeue
 .text          0x0000000000102d80       0x5e binaries/read.o
                0x0000000000102d80                read
 .text          0x0000000000102dde       0x6e binaries/ready.o
                0x0000000000102dde                ready
 .text          0x0000000000102e4c       0x51 binaries/receive.o
                0x0000000000102e4c                receive
 .text          0x0000000000102e9d       0x42 binaries/recvclr.o
                0x0000000000102e9d                recvclr
 .text          0x0000000000102edf       0x99 binaries/recvtime.o
                0x0000000000102edf                recvtime
 .text          0x0000000000102f78      0x130 binaries/resched.o
                0x0000000000102f78                resched
                0x0000000000103035                resched_cntl
 .text          0x00000000001030a8       0x87 binaries/resume.o
                0x00000000001030a8                resume
 .text          0x000000000010312f       0x56 binaries/seek.o
                0x000000000010312f                seek
 .text          0x0000000000103185       0x47 binaries/semcount.o
                0x0000000000103185                semcount
 .text          0x00000000001031cc       0x8d binaries/semcreate.o
                0x00000000001031cc                semcreate
 .text          0x0000000000103259       0xa8 binaries/semdelete.o
                0x0000000000103259                semdelete
 .text          0x0000000000103301       0x95 binaries/semreset.o
                0x0000000000103301                semreset
 .text          0x0000000000103396       0xaf binaries/send.o
                0x0000000000103396                send
 .text          0x0000000000103445       0x7c binaries/signal.o
                0x0000000000103445                signal
 .text          0x00000000001034c1       0xa8 binaries/signaln.o
                0x00000000001034c1                signaln
 .text          0x0000000000103569       0xbc binaries/sleep.o
                0x0000000000103569                sleepms
                0x00000000001035f3                sleep
 .text          0x0000000000103625      0x179 binaries/stacktrace.o
                0x0000000000103625                stacktrace
 .text          0x000000000010379e       0xb2 binaries/suspend.o
                0x000000000010379e                suspend
 .text          0x0000000000103850       0xa8 binaries/unsleep.o
                0x0000000000103850                unsleep
 .text          0x00000000001038f8       0x14 binaries/userret.o
                0x00000000001038f8                userret
 .text          0x000000000010390c       0x9f binaries/wait.o
                0x000000000010390c                wait
 .text          0x00000000001039ab       0x71 binaries/wakeup.o
                0x00000000001039ab                wakeup
 .text          0x0000000000103a1c       0x5e binaries/write.o
                0x0000000000103a1c                write
 .text          0x0000000000103a7a       0x18 binaries/xdone.o
                0x0000000000103a7a                xdone
 .text          0x0000000000103a92       0x22 binaries/yield.o
                0x0000000000103a92                yield
 .text          0x0000000000103ab4        0xe binaries/abs.o
                0x0000000000103ab4                abs
 .text          0x0000000000103ac2       0x70 binaries/atoi.o
                0x0000000000103ac2                atoi
 .text          0x0000000000103b32       0x70 binaries/atol.o
                0x0000000000103b32                atol
 .text          0x0000000000103ba2       0x18 binaries/bzero.o
                0x0000000000103ba2                bzero
 .text          0x0000000000103bba        0x0 binaries/ctype_.o
 .text          0x0000000000103bba      0x8f8 binaries/doprnt.o
                0x0000000000103bba                _doprnt
 .text          0x00000000001044b2      0x631 binaries/doscan.o
                0x00000000001044b2                _doscan
 .text          0x0000000000104ae3      0x70a binaries/fdoprnt.o
                0x0000000000104b63                _fdoprnt
 .text          0x00000000001051ed       0x1c binaries/fgetc.o
                0x00000000001051ed                fgetc
 .text          0x0000000000105209       0x5e binaries/fgets.o
                0x0000000000105209                fgets
 .text          0x0000000000105267       0x30 binaries/fprintf.o
                0x0000000000105267                fprintf
 .text          0x0000000000105297       0x29 binaries/fputc.o
                0x0000000000105297                fputc
 .text          0x00000000001052c0       0x3a binaries/fputs.o
                0x00000000001052c0                fputs
 .text          0x00000000001052fa       0x7a binaries/fscanf.o
                0x0000000000105331                fscanf
 .text          0x0000000000105374       0x27 binaries/getchar.o
                0x0000000000105374                getchar
 .text          0x000000000010539b        0xe binaries/labs.o
                0x000000000010539b                labs
 .text          0x00000000001053a9       0x32 binaries/memchr.o
                0x00000000001053a9                memchr
 .text          0x00000000001053db       0x4a binaries/memcmp.o
                0x00000000001053db                memcmp
 .text          0x0000000000105425       0x25 binaries/memcpy.o
                0x0000000000105425                memcpy
 .text          0x000000000010544a       0x1e binaries/memset.o
                0x000000000010544a                memset
 .text          0x0000000000105468       0x44 binaries/printf.o
                0x0000000000105468                printf
 .text          0x00000000001054ac       0x2f binaries/putchar.o
                0x00000000001054ac                putchar
 .text          0x00000000001054db      0x1cb binaries/qsort.o
                0x000000000010567b                qsort
 .text          0x00000000001056a6       0x5f binaries/rand.o
                0x00000000001056a6                rand
                0x00000000001056ba                rand_r
                0x00000000001056f8                srand
 .text          0x0000000000105705       0x55 binaries/sprintf.o
                0x000000000010571c                sprintf
 .text          0x000000000010575a       0x6c binaries/sscanf.o
                0x0000000000105783                sscanf
 .text          0x00000000001057c6       0x33 binaries/strchr.o
                0x00000000001057c6                strchr
 .text          0x00000000001057f9       0x43 binaries/strcmp.o
                0x00000000001057f9                strcmp
 .text          0x000000000010583c       0x1a binaries/strcpy.o
                0x000000000010583c                strcpy
 .text          0x0000000000105856       0x1c binaries/strlen.o
                0x0000000000105856                strlen
 .text          0x0000000000105872       0x3b binaries/strncat.o
                0x0000000000105872                strncat
 .text          0x00000000001058ad       0x3a binaries/strncmp.o
                0x00000000001058ad                strncmp
 .text          0x00000000001058e7       0x58 binaries/strncpy.o
                0x00000000001058e7                strncpy
 .text          0x000000000010593f       0x2e binaries/strnlen.o
                0x000000000010593f                strnlen
 .text          0x000000000010596d       0x30 binaries/strrchr.o
                0x000000000010596d                strrchr
 .text          0x000000000010599d       0x6e binaries/strstr.o
                0x000000000010599d                strstr
 .text          0x0000000000105a0b       0xb9 binaries/ttycontrol.o
                0x0000000000105a0b                ttycontrol
 .text          0x0000000000105ac4       0x78 binaries/ttygetc.o
                0x0000000000105ac4                ttygetc
 .text          0x0000000000105b3c      0x73b binaries/ttyhandle_in.o
                0x0000000000105b3c                ttyhandle_in
 .text          0x0000000000106277      0x164 binaries/ttyhandle_out.o
                0x0000000000106277                ttyhandle_out
 .text          0x00000000001063db       0x7e binaries/ttyhandler.o
                0x00000000001063db                ttyhandler
 .text          0x0000000000106459      0x152 binaries/ttyinit.o
                0x0000000000106459                ttyinit
 .text          0x00000000001065ab        0xc binaries/ttykickout.o
                0x00000000001065ab                ttykickout
 .text          0x00000000001065b7       0x91 binaries/ttyputc.o
                0x00000000001065b7                ttyputc
 .text          0x0000000000106648       0xe0 binaries/ttyread.o
                0x0000000000106648                ttyread
 .text          0x0000000000106728       0x4d binaries/ttywrite.o
                0x0000000000106728                ttywrite
 .text          0x0000000000106775      0x10d binaries/mount.o
                0x0000000000106775                namlen
                0x00000000001067ad                mount
 .text          0x0000000000106882      0x1d5 binaries/naminit.o
                0x0000000000106882                naminit
 .text          0x0000000000106a57      0x203 binaries/nammap.o
                0x0000000000106a57                namrepl
                0x0000000000106b6a                namcpy
                0x0000000000106bb7                nammap
 .text          0x0000000000106c5a       0x58 binaries/namopen.o
                0x0000000000106c5a                namopen
 .text          0x0000000000106cb2       0xd0 binaries/colon2mac.o
                0x0000000000106cb2                colon2mac
 .text          0x0000000000106d82       0x7b binaries/ethcontrol.o
                0x0000000000106d82                ethcontrol
 .text          0x0000000000106dfd       0xe1 binaries/ethhandler.o
                0x0000000000106dfd                ethhandler
 .text          0x0000000000106ede      0x4cf binaries/ethinit.o
                0x0000000000106ede                eth_phy_read
                0x0000000000106f1d                eth_phy_write
                0x0000000000106f5f                eth_phy_reset
                0x000000000010705b                ethinit
 .text          0x00000000001073ad      0x11a binaries/ethmcast.o
                0x00000000001073ad                ethmcast_add
                0x0000000000107400                ethmcast_remove
 .text          0x00000000001074c7      0x156 binaries/ethread.o
                0x00000000001074c7                ethread
 .text          0x000000000010761d       0xa3 binaries/ethwrite.o
                0x000000000010761d                ethwrite
 .text          0x00000000001076c0       0x62 binaries/rdsbufalloc.o
                0x00000000001076c0                rdsbufalloc
 .text          0x0000000000107722       0x7f binaries/rdsclose.o
                0x0000000000107722                rdsclose
 .text          0x00000000001077a1      0x200 binaries/rdscomm.o
                0x00000000001077a1                rdscomm
 .text          0x00000000001079a1      0x194 binaries/rdscontrol.o
                0x00000000001079a1                rdscontrol
 .text          0x0000000000107b35      0x17e binaries/rdsinit.o
                0x0000000000107b35                rdsinit
 .text          0x0000000000107cb3      0x15f binaries/rdsopen.o
                0x0000000000107cb3                rdsopen
 .text          0x0000000000107e12      0x2d8 binaries/rdsprocess.o
                0x0000000000107e12                rdsprocess
 .text          0x00000000001080ea      0x19f binaries/rdsread.o
                0x00000000001080ea                rdsread
 .text          0x0000000000108289      0x141 binaries/rdswrite.o
                0x0000000000108289                rdswrite
 .text          0x00000000001083ca        0x6 binaries/ramclose.o
                0x00000000001083ca                ramclose
 .text          0x00000000001083d0       0x44 binaries/raminit.o
                0x00000000001083d0                raminit
 .text          0x0000000000108414        0x7 binaries/ramopen.o
                0x0000000000108414                ramopen
 .text          0x000000000010841b       0x30 binaries/ramread.o
                0x000000000010841b                ramread
 .text          0x000000000010844b       0x30 binaries/ramwrite.o
                0x000000000010844b                ramwrite
 .text          0x000000000010847b       0x91 binaries/lfdballoc.o
                0x000000000010847b                lfdballoc
 .text          0x000000000010850c       0x5d binaries/lfdbfree.o
                0x000000000010850c                lfdbfree
 .text          0x0000000000108569       0xaa binaries/lfflush.o
                0x0000000000108569                lfflush
 .text          0x0000000000108613       0x7a binaries/lfgetmode.o
                0x0000000000108613                lfgetmode
 .text          0x000000000010868d       0x68 binaries/lfiballoc.o
                0x000000000010868d                lfiballoc
 .text          0x00000000001086f5       0x25 binaries/lfibclear.o
                0x00000000001086f5                lfibclear
 .text          0x000000000010871a       0x7a binaries/lfibget.o
                0x000000000010871a                lfibget
 .text          0x0000000000108794       0xa0 binaries/lfibput.o
                0x0000000000108794                lfibput
 .text          0x0000000000108834       0x76 binaries/lflclose.o
                0x0000000000108834                lflclose
 .text          0x00000000001088aa       0xa2 binaries/lflcontrol.o
                0x00000000001088aa                lflcontrol
 .text          0x000000000010894c       0x9e binaries/lflgetc.o
                0x000000000010894c                lflgetc
 .text          0x00000000001089ea       0xb8 binaries/lflinit.o
                0x00000000001089ea                lflinit
 .text          0x0000000000108aa2       0xba binaries/lflputc.o
                0x0000000000108aa2                lflputc
 .text          0x0000000000108b5c       0x6a binaries/lflread.o
                0x0000000000108b5c                lflread
 .text          0x0000000000108bc6       0x82 binaries/lflseek.o
                0x0000000000108bc6                lflseek
 .text          0x0000000000108c48       0x56 binaries/lflwrite.o
                0x0000000000108c48                lflwrite
 .text          0x0000000000108c9e      0x129 binaries/lfsckfmt.o
                0x0000000000108c9e                lfsckfmt
 .text          0x0000000000108dc7      0x1d9 binaries/lfscreate.o
                0x0000000000108dc7                lfscreate
 .text          0x0000000000108fa0      0x1aa binaries/lfsetup.o
                0x0000000000108fa0                lfsetup
 .text          0x000000000010914a       0x51 binaries/lfsinit.o
                0x000000000010914a                lfsinit
 .text          0x000000000010919b      0x2b1 binaries/lfsopen.o
                0x000000000010919b                lfsopen
 .text          0x000000000010944c      0x11c binaries/lftruncate.o
                0x000000000010944c                lftruncate
 .text          0x0000000000109568       0x5a binaries/rflclose.o
                0x0000000000109568                rflclose
 .text          0x00000000001095c2       0x34 binaries/rflgetc.o
                0x00000000001095c2                rflgetc
 .text          0x00000000001095f6       0x4b binaries/rflinit.o
                0x00000000001095f6                rflinit
 .text          0x0000000000109641       0x3a binaries/rflputc.o
                0x0000000000109641                rflputc
 .text          0x000000000010967b      0x296 binaries/rflread.o
                0x000000000010967b                rflread
 .text          0x0000000000109911       0x60 binaries/rflseek.o
                0x0000000000109911                rflseek
 .text          0x0000000000109971      0x2b3 binaries/rflwrite.o
                0x0000000000109971                rflwrite
 .text          0x0000000000109c24      0x17f binaries/rfscomm.o
                0x0000000000109c24                rfscomm
 .text          0x0000000000109da3      0x24a binaries/rfscontrol.o
                0x0000000000109da3                rfscontrol
 .text          0x0000000000109fed       0x7a binaries/rfsgetmode.o
                0x0000000000109fed                rfsgetmode
 .text          0x000000000010a067       0x76 binaries/rfsinit.o
                0x000000000010a067                rfsinit
 .text          0x000000000010a0dd       0xbb binaries/rfsndmsg.o
                0x000000000010a0dd                rfsndmsg
 .text          0x000000000010a198      0x229 binaries/rfsopen.o
                0x000000000010a198                rfsopen
 .text          0x000000000010a3c1      0x64d binaries/arp.o
                0x000000000010a3c1                arp_init
                0x000000000010a3d9                arp_alloc
                0x000000000010a489                arp_ntoh
                0x000000000010a4f3                arp_hton
                0x000000000010a55d                arp_resolve
                0x000000000010a7dc                arp_in
 .text          0x000000000010aa0e      0x614 binaries/dhcp.o
                0x000000000010aa0e                dhcp_get_opt_val
                0x000000000010aa61                dhcp_bld_bootp_msg
                0x000000000010ab61                dhcp_bld_disc
                0x000000000010abb3                dhcp_bld_req
                0x000000000010ac51                getlocalip
 .text          0x000000000010b022      0x42c binaries/dns.o
                0x000000000010b022                dns_bldq
                0x000000000010b0b5                dns_getrname
                0x000000000010b178                dns_geta
                0x000000000010b2bb                dns_qa
 .text          0x000000000010b44e       0xcb binaries/dot2ip.o
                0x000000000010b44e                dot2ip
 .text          0x000000000010b519      0x366 binaries/hexdump.o
                0x000000000010b519                hexdump
                0x000000000010b648                hexadump
 .text          0x000000000010b87f      0x5ef binaries/icmp.o
                0x000000000010b87f                icmp_init
                0x000000000010b897                icmp_register
                0x000000000010b949                icmp_recv
                0x000000000010ba9e                icmp_mkpkt
                0x000000000010bb78                icmp_in
                0x000000000010bcb0                icmp_send
                0x000000000010bd2c                icmp_release
                0x000000000010bde8                icmp_cksum
                0x000000000010be46                icmp_hton
                0x000000000010be5a                icmp_ntoh
 .text          0x000000000010be6e      0x567 binaries/ip.o
                0x000000000010be6e                ip_local
                0x000000000010bea2                ipcksum
                0x000000000010bef3                ip_ntoh
                0x000000000010bf5d                ip_in
                0x000000000010c052                ip_hton
                0x000000000010c0bc                ip_out
                0x000000000010c170                ip_send
                0x000000000010c26d                ipout
                0x000000000010c349                ip_enqueue
 .text          0x000000000010c3d5      0x1d3 binaries/net.o
                0x000000000010c3d5                net_init
                0x000000000010c510                eth_hton
                0x000000000010c51a                eth_ntoh
                0x000000000010c524                netin
 .text          0x000000000010c5a8       0xd3 binaries/netstart.o
                0x000000000010c5a8                netstart
 .text          0x000000000010c67b      0xb3f binaries/pdump.o
                0x000000000010c67b                pdump
                0x000000000010cce8                pdumph
 .text          0x000000000010d1ba      0x5db binaries/tftp.o
                0x000000000010d1ba                tftp_send1
                0x000000000010d2ed                tftpget_mb
                0x000000000010d758                tftpget
 .text          0x000000000010d795      0x7d8 binaries/udp.o
                0x000000000010d795                udp_init
                0x000000000010d7d2                udp_in
                0x000000000010d88b                udp_register
                0x000000000010d979                udp_recv
                0x000000000010da90                udp_recvaddr
                0x000000000010dbbe                udp_send
                0x000000000010dd39                udp_sendto
                0x000000000010de89                udp_release
                0x000000000010df45                udp_ntoh
                0x000000000010df59                udp_hton
 .text          0x000000000010df6d      0x104 binaries/addargs.o
                0x000000000010df6d                addargs
 .text          0x000000000010e071      0x1f8 binaries/lexan.o
                0x000000000010e071                lexan
 .text          0x000000000010e269      0x63d binaries/shell.o
                0x000000000010e269                shell
 .text          0x000000000010e8a6       0x5b binaries/xsh_argecho.o
                0x000000000010e8a6                xsh_argecho
 .text          0x000000000010e901      0x1d6 binaries/xsh_arp.o
                0x000000000010e901                xsh_arp
 .text          0x000000000010ead7      0x219 binaries/xsh_cat.o
                0x000000000010ead7                xsh_cat
 .text          0x000000000010ecf0       0x58 binaries/xsh_clear.o
                0x000000000010ecf0                xsh_clear
 .text          0x000000000010ed48      0x2bf binaries/xsh_date.o
                0x000000000010ed48                xsh_date
 .text          0x000000000010f007       0x8e binaries/xsh_devdump.o
                0x000000000010f007                xsh_devdump
 .text          0x000000000010f095       0x60 binaries/xsh_echo.o
                0x000000000010f095                xsh_echo
 .text          0x000000000010f0f5        0x6 binaries/xsh_exit.o
                0x000000000010f0f5                xsh_exit
 .text          0x000000000010f0fb      0x329 binaries/xsh_help.o
                0x000000000010f0fb                xsh_help
 .text          0x000000000010f424      0x42d binaries/xsh_ipaddr.o
                0x000000000010f424                xsh_ipaddr
 .text          0x000000000010f851      0x1f9 binaries/xsh_kill.o
                0x000000000010f851                xsh_kill
 .text          0x000000000010fa4a      0x3fb binaries/xsh_memdump.o
                0x000000000010fb00                xsh_memdump
 .text          0x000000000010fe45      0x1fc binaries/xsh_memstat.o
                0x000000000010fe45                xsh_memstat
 .text          0x0000000000110041      0x3dc binaries/xsh_ping.o
                0x0000000000110041                xsh_ping
 .text          0x000000000011041d      0x1fe binaries/xsh_ps.o
                0x000000000011041d                xsh_ps
 .text          0x000000000011061b      0x1e8 binaries/xsh_sleep.o
                0x000000000011061b                xsh_sleep
 .text          0x0000000000110803      0x22c binaries/xsh_udpdump.o
                0x0000000000110803                xsh_udpdump
 .text          0x0000000000110a2f      0x44e binaries/xsh_udpecho.o
                0x0000000000110a2f                xsh_udpecho
 .text          0x0000000000110e7d      0x287 binaries/xsh_udpeserver.o
                0x0000000000110e7d                xsh_udpeserver
 .text          0x0000000000111104      0x1c6 binaries/xsh_uptime.o
                0x0000000000111104                xsh_uptime
 .text          0x00000000001112ca        0xe binaries/clkdisp.o
                0x00000000001112ca                clkdisp
 .text          0x00000000001112d8       0x19 binaries/ctxsw.o
                0x00000000001112d8                ctxsw
 .text          0x00000000001112f1      0x36b binaries/intr.o
                0x00000000001112f1                disable
                0x00000000001112fa                restore
                0x0000000000111308                enable
                0x000000000011130a                pause
                0x0000000000111311                halt
                0x0000000000111317                spurious_irq7
                0x000000000011131c                spurious_irq15
                0x000000000011132b                _Xint0
                0x0000000000111336                _Xint1
                0x0000000000111341                _Xint2
                0x000000000011134c                _Xint3
                0x0000000000111357                _Xint4
                0x0000000000111362                _Xint5
                0x000000000011136d                _Xint6
                0x0000000000111378                _Xint7
                0x0000000000111383                _Xint8
                0x000000000011138e                _Xint9
                0x0000000000111399                _Xint10
                0x00000000001113a4                _Xint11
                0x00000000001113b2                _Xint12
                0x00000000001113c0                _Xint13
                0x00000000001113ce                _Xint14
                0x00000000001113dc                _Xint15
                0x00000000001113ea                _Xint16
                0x00000000001113f8                _Xint17
                0x0000000000111406                _Xint18
                0x0000000000111414                _Xint19
                0x0000000000111422                _Xint20
                0x0000000000111430                _Xint21
                0x000000000011143e                _Xint22
                0x000000000011144c                _Xint23
                0x000000000011145a                _Xint24
                0x0000000000111468                _Xint25
                0x0000000000111476                _Xint26
                0x0000000000111484                _Xint27
                0x0000000000111492                _Xint28
                0x00000000001114a0                _Xint29
                0x00000000001114ae                _Xint30
                0x00000000001114bc                _Xint31
                0x00000000001114ca                _Xint32
                0x00000000001114d8                _Xint33
                0x00000000001114e6                _Xint34
                0x00000000001114f4                _Xint35
                0x0000000000111502                _Xint36
                0x0000000000111510                _Xint37
                0x000000000011151e                _Xint38
                0x000000000011152c                _Xint39
                0x000000000011153a                _Xint40
                0x0000000000111548                _Xint41
                0x0000000000111556                _Xint42
                0x0000000000111564                _Xint43
                0x0000000000111572                _Xint44
                0x0000000000111580                _Xint45
                0x000000000011158e                _Xint46
                0x000000000011159c                defevec
 .text          0x000000000011165c        0xf binaries/ttydispatch.o
                0x000000000011165c                ttydispatch
 .text          0x000000000011166b       0x13 binaries/ethdispatch.o
                0x000000000011166b                ethdispatch
 *(.rodata .rodata.*)
 .rodata.str1.1
                0x000000000011167e       0x54 binaries/ascdate.o
 *fill*         0x00000000001116d2        0x2 
 .rodata.str1.4
                0x00000000001116d4       0x22 binaries/ascdate.o
 .rodata.str1.1
                0x00000000001116f6       0xae binaries/conf.o
 .rodata.str1.4
                0x00000000001117a4       0x4f binaries/early_imr.o
 .rodata        0x00000000001117f3       0x30 binaries/early_imr.o
 .rodata.str1.1
                0x0000000000111823      0x20c binaries/evec.o
 *fill*         0x0000000000111a2f        0x1 
 .rodata.str1.4
                0x0000000000111a30       0x23 binaries/evec.o
 .rodata.str1.1
                0x0000000000111a53        0xb binaries/getutime.o
 *fill*         0x0000000000111a5e        0x2 
 .rodata.str1.4
                0x0000000000111a60       0x54 binaries/getutime.o
 .rodata        0x0000000000111ab4      0x142 binaries/initialize.o
 *fill*         0x0000000000111bf6        0x2 
 .rodata        0x0000000000111bf8       0x20 binaries/kill.o
 .rodata        0x0000000000111c18       0x2a binaries/main.o
 *fill*         0x0000000000111c42        0x2 
 .rodata.str1.4
                0x0000000000111c44       0x23 binaries/meminit.o
 .rodata.str1.1
                0x0000000000111c67       0x1b binaries/meminit.o
 .rodata.str1.1
                0x0000000000111c82        0xf binaries/panic.o
 .rodata.str1.1
                0x0000000000111c91       0x1c binaries/ptinit.o
 *fill*         0x0000000000111cad        0x3 
 .rodata.str1.4
                0x0000000000111cb0       0x25 binaries/ptsend.o
 .rodata.str1.1
                0x0000000000111cd5       0x22 binaries/quark_pdat.o
 *fill*         0x0000000000111cf7        0x1 
 .rodata.str1.4
                0x0000000000111cf8       0x63 binaries/stacktrace.o
 .rodata.str1.1
                0x0000000000111d5b       0x52 binaries/stacktrace.o
 *fill*         0x0000000000111dad        0x3 
 .rodata.str1.4
                0x0000000000111db0       0x27 binaries/xdone.o
 *fill*         0x0000000000111dd7        0x9 
 .rodata        0x0000000000111de0       0x81 binaries/ctype_.o
                0x0000000000111de0                _ctype_
 *fill*         0x0000000000111e61        0x3 
 .rodata        0x0000000000111e64       0xee binaries/doprnt.o
 *fill*         0x0000000000111f52        0x2 
 .rodata        0x0000000000111f54       0x98 binaries/doscan.o
 .rodata.str1.1
                0x0000000000111fec       0x29 binaries/fdoprnt.o
 *fill*         0x0000000000112015        0x3 
 .rodata        0x0000000000112018       0x84 binaries/fdoprnt.o
 .rodata        0x000000000011209c       0x20 binaries/ttycontrol.o
 .rodata.str1.4
                0x00000000001120bc       0x4c binaries/naminit.o
 .rodata.str1.1
                0x0000000000112108       0x32 binaries/naminit.o
                                         0x35 (size before relaxing)
 .rodata.str1.1
                0x000000000011213a       0x15 binaries/ethinit.o
 *fill*         0x000000000011214f        0x1 
 .rodata.str1.4
                0x0000000000112150       0x2e binaries/ethinit.o
 *fill*         0x000000000011217e        0x2 
 .rodata.str1.4
                0x0000000000112180       0x2c binaries/rdsbufalloc.o
 .rodata.str1.4
                0x00000000001121ac       0x76 binaries/rdscomm.o
 *fill*         0x0000000000112222        0x2 
 .rodata.str1.4
                0x0000000000112224       0x48 binaries/rdscontrol.o
 .rodata.str1.4
                0x000000000011226c       0x7e binaries/rdsinit.o
 .rodata.str1.1
                0x00000000001122ea       0x18 binaries/rdsinit.o
 *fill*         0x0000000000112302        0x2 
 .rodata.str1.4
                0x0000000000112304       0x22 binaries/rdsopen.o
 *fill*         0x0000000000112326        0x2 
 .rodata.str1.4
                0x0000000000112328       0x4d binaries/rdsprocess.o
 .rodata.str1.1
                0x0000000000112375        0x9 binaries/raminit.o
 .rodata.str1.1
                0x000000000011237e       0x13 binaries/lfdballoc.o
 *fill*         0x0000000000112391        0x3 
 .rodata.str1.4
                0x0000000000112394       0x23 binaries/lfdballoc.o
 .rodata.str1.1
                0x00000000001123b7       0x14 binaries/lfiballoc.o
 *fill*         0x00000000001123cb        0x1 
 .rodata.str1.4
                0x00000000001123cc       0x23 binaries/lflcontrol.o
 .rodata.str1.1
                0x00000000001123ef       0x64 binaries/lfsckfmt.o
 *fill*         0x0000000000112453        0x1 
 .rodata.str1.4
                0x0000000000112454       0x51 binaries/lfsckfmt.o
 *fill*         0x00000000001124a5        0x3 
 .rodata.str1.4
                0x00000000001124a8       0x21 binaries/rflread.o
 .rodata.str1.4
                0x0000000000000000       0x21 binaries/rflwrite.o
 *fill*         0x00000000001124c9        0x3 
 .rodata.str1.4
                0x00000000001124cc       0x75 binaries/rfscomm.o
 *fill*         0x0000000000112541        0x3 
 .rodata.str1.4
                0x0000000000112544       0x23 binaries/rfscontrol.o
 *fill*         0x0000000000112567        0x1 
 .rodata        0x0000000000112568       0x18 binaries/rfscontrol.o
 .rodata.str1.1
                0x0000000000112580        0xc binaries/rfsinit.o
 .rodata.str1.4
                0x000000000011258c       0x57 binaries/rfsinit.o
 *fill*         0x00000000001125e3        0x1 
 .rodata.str1.4
                0x00000000001125e4       0x2a binaries/rfsndmsg.o
 .rodata.str1.4
                0x0000000000000000       0x22 binaries/rfsopen.o
 .rodata.str1.1
                0x000000000011260e       0x19 binaries/arp.o
 *fill*         0x0000000000112627        0x1 
 .rodata.str1.4
                0x0000000000112628       0x21 binaries/arp.o
 *fill*         0x0000000000112649        0x3 
 .rodata.str1.4
                0x000000000011264c       0xa6 binaries/dhcp.o
 .rodata.str1.1
                0x00000000001126f2       0x4a binaries/dhcp.o
 .rodata.str1.1
                0x000000000011273c       0x5a binaries/hexdump.o
                                         0x61 (size before relaxing)
 *fill*         0x0000000000112796        0x2 
 .rodata.str1.4
                0x0000000000112798       0x67 binaries/hexdump.o
 *fill*         0x00000000001127ff        0x1 
 .rodata.str1.4
                0x0000000000112800       0x29 binaries/icmp.o
 .rodata.str1.1
                0x0000000000112829       0x4e binaries/ip.o
 *fill*         0x0000000000112877        0x1 
 .rodata.str1.4
                0x0000000000112878       0x20 binaries/ip.o
 .rodata.str1.4
                0x0000000000112898       0x28 binaries/net.o
 .rodata.str1.1
                0x00000000001128c0       0x27 binaries/net.o
 *fill*         0x00000000001128e7        0x1 
 .rodata.str1.4
                0x00000000001128e8       0xcf binaries/netstart.o
 .rodata.str1.1
                0x00000000001129b7      0x141 binaries/pdump.o
                                        0x14b (size before relaxing)
 .rodata.str1.4
                0x0000000000112af8      0x126 binaries/pdump.o
 *fill*         0x0000000000112c1e        0x2 
 .rodata.str1.4
                0x0000000000112c20      0x148 binaries/tftp.o
 .rodata.str1.1
                0x0000000000112d68        0x6 binaries/tftp.o
                                          0xa (size before relaxing)
 .rodata.str1.1
                0x0000000000112d6e       0xe8 binaries/shell.o
                                        0x104 (size before relaxing)
 *fill*         0x0000000000112e56        0x2 
 .rodata.str1.4
                0x0000000000112e58      0x1c4 binaries/shell.o
 *fill*         0x000000000011301c        0x4 
 .rodata        0x0000000000113020       0xfc binaries/shell.o
                0x0000000000113020                cmdtab
 .rodata.str1.1
                0x000000000011311c       0x26 binaries/xsh_argecho.o
                                         0x28 (size before relaxing)
 .rodata.str1.1
                0x0000000000113142       0x70 binaries/xsh_arp.o
                                         0x72 (size before relaxing)
 *fill*         0x00000000001131b2        0x2 
 .rodata.str1.4
                0x00000000001131b4       0xb4 binaries/xsh_arp.o
 .rodata.str1.1
                0x0000000000113268       0x2d binaries/xsh_cat.o
                                         0x4f (size before relaxing)
 *fill*         0x0000000000113295        0x3 
 .rodata.str1.4
                0x0000000000113298       0x52 binaries/xsh_cat.o
                                         0x79 (size before relaxing)
 .rodata.str1.1
                0x00000000001132ea       0x15 binaries/xsh_clear.o
 .rodata.str1.1
                0x00000000001132ff       0x46 binaries/xsh_date.o
                                         0x5f (size before relaxing)
 *fill*         0x0000000000113345        0x3 
 .rodata.str1.4
                0x0000000000113348      0x163 binaries/xsh_date.o
 .rodata.str1.1
                0x00000000001134ab       0x5d binaries/xsh_devdump.o
 .rodata.str1.1
                0x0000000000113508        0x4 binaries/xsh_echo.o
                                          0x9 (size before relaxing)
 .rodata.str1.1
                0x000000000011350c       0x65 binaries/xsh_help.o
                                         0xa3 (size before relaxing)
 *fill*         0x0000000000113571        0x3 
 .rodata.str1.4
                0x0000000000113574       0x7c binaries/xsh_help.o
                                         0xc6 (size before relaxing)
 .rodata.str1.1
                0x00000000001135f0       0x9c binaries/xsh_ipaddr.o
                                         0xf8 (size before relaxing)
 .rodata.str1.4
                0x000000000011368c       0x4d binaries/xsh_ipaddr.o
                                         0x99 (size before relaxing)
 .rodata.str1.1
                0x00000000001136d9       0x78 binaries/xsh_kill.o
                                         0x97 (size before relaxing)
 *fill*         0x0000000000113751        0x3 
 .rodata.str1.4
                0x0000000000113754       0x4a binaries/xsh_kill.o
                                         0x96 (size before relaxing)
 .rodata.str1.1
                0x000000000011379e       0x84 binaries/xsh_memdump.o
                                         0xa8 (size before relaxing)
 *fill*         0x0000000000113822        0x2 
 .rodata.str1.4
                0x0000000000113824      0x15a binaries/xsh_memdump.o
                                        0x1aa (size before relaxing)
 .rodata.str1.1
                0x000000000011397e       0x40 binaries/xsh_memstat.o
                                         0x79 (size before relaxing)
 *fill*         0x00000000001139be        0x2 
 .rodata.str1.4
                0x00000000001139c0      0x187 binaries/xsh_memstat.o
                                        0x1af (size before relaxing)
 .rodata.str1.1
                0x0000000000113b47       0xbc binaries/xsh_ping.o
                                         0xdb (size before relaxing)
 *fill*         0x0000000000113c03        0x1 
 .rodata.str1.4
                0x0000000000113c04       0x77 binaries/xsh_ping.o
                                         0xc6 (size before relaxing)
 .rodata.str1.1
                0x0000000000113c7b       0x74 binaries/xsh_ps.o
                                         0xd5 (size before relaxing)
 *fill*         0x0000000000113cef        0x1 
 .rodata.str1.4
                0x0000000000113cf0       0x80 binaries/xsh_ps.o
                                         0xd0 (size before relaxing)
 *fill*         0x0000000000113d70       0x10 
 .rodata        0x0000000000113d80       0x20 binaries/xsh_ps.o
 .rodata.str1.1
                0x0000000000113da0       0x31 binaries/xsh_sleep.o
                                         0x72 (size before relaxing)
 *fill*         0x0000000000113dd1        0x3 
 .rodata.str1.4
                0x0000000000113dd4       0x2a binaries/xsh_sleep.o
                                         0x7a (size before relaxing)
 .rodata.str1.1
                0x0000000000113dfe       0x6b binaries/xsh_udpdump.o
                                         0xd2 (size before relaxing)
 *fill*         0x0000000000113e69        0x3 
 .rodata.str1.4
                0x0000000000113e6c       0x94 binaries/xsh_udpdump.o
                                         0xe4 (size before relaxing)
 .rodata.str1.1
                0x0000000000113f00       0xdb binaries/xsh_udpecho.o
                                         0xfa (size before relaxing)
 *fill*         0x0000000000113fdb        0x1 
 .rodata.str1.4
                0x0000000000113fdc       0xc7 binaries/xsh_udpecho.o
                                        0x116 (size before relaxing)
 .rodata.str1.1
                0x00000000001140a3       0x66 binaries/xsh_udpeserver.o
                                         0x8f (size before relaxing)
 *fill*         0x0000000000114109        0x3 
 .rodata.str1.4
                0x000000000011410c       0x29 binaries/xsh_udpeserver.o
                                         0x9f (size before relaxing)
 .rodata.str1.1
                0x0000000000114135       0x49 binaries/xsh_uptime.o
                                         0x8c (size before relaxing)
 *fill*         0x000000000011417e        0x2 
 .rodata.str1.4
                0x0000000000114180       0x28 binaries/xsh_uptime.o
                                         0x76 (size before relaxing)
                0x00000000001141a8                etext = ABSOLUTE (.)
                0x0000000000115000                . = ALIGN (0x1000)
 *fill*         0x00000000001141a8      0xe58 

.eh_frame       0x0000000000115000     0x32bc
 .eh_frame      0x0000000000115000       0x58 binaries/ascdate.o
 .eh_frame      0x0000000000115058       0x14 binaries/bufinit.o
                                         0x2c (size before relaxing)
 .eh_frame      0x000000000011506c       0x34 binaries/chprio.o
                                         0x4c (size before relaxing)
 .eh_frame      0x00000000001150a0       0x18 binaries/clkhandler.o
                                         0x30 (size before relaxing)
 .eh_frame      0x00000000001150b8       0x18 binaries/clkinit.o
                                         0x30 (size before relaxing)
 .eh_frame      0x00000000001150d0       0x2c binaries/close.o
                                         0x44 (size before relaxing)
 .eh_frame      0x00000000001150fc       0x2c binaries/control.o
                                         0x44 (size before relaxing)
 .eh_frame      0x0000000000115128       0x40 binaries/create.o
                                         0x58 (size before relaxing)
 .eh_frame      0x0000000000115168       0x98 binaries/early_imr.o
                                         0xb0 (size before relaxing)
 .eh_frame      0x0000000000115200       0x94 binaries/evec.o
                                         0xac (size before relaxing)
 .eh_frame      0x0000000000115294       0x18 binaries/exit.o
                                         0x30 (size before relaxing)
 .eh_frame      0x00000000001152ac       0x2c binaries/freebuf.o
                                         0x44 (size before relaxing)
 .eh_frame      0x00000000001152d8       0x3c binaries/freemem.o
                                         0x54 (size before relaxing)
 .eh_frame      0x0000000000115314       0x3c binaries/getbuf.o
                                         0x54 (size before relaxing)
 .eh_frame      0x0000000000115350       0x2c binaries/getc.o
                                         0x44 (size before relaxing)
 .eh_frame      0x000000000011537c       0x3c binaries/getdev.o
                                         0x54 (size before relaxing)
 .eh_frame      0x00000000001153b8       0x4c binaries/getitem.o
                                         0x64 (size before relaxing)
 .eh_frame      0x0000000000115404       0x2c binaries/getmem.o
                                         0x44 (size before relaxing)
 .eh_frame      0x0000000000115430       0x14 binaries/getpid.o
                                         0x2c (size before relaxing)
 .eh_frame      0x0000000000115444       0x24 binaries/getprio.o
                                         0x3c (size before relaxing)
 .eh_frame      0x0000000000115468       0x3c binaries/getstk.o
                                         0x54 (size before relaxing)
 .eh_frame      0x00000000001154a4       0x18 binaries/gettime.o
                                         0x30 (size before relaxing)
 .eh_frame      0x00000000001154bc       0x24 binaries/getutime.o
                                         0x3c (size before relaxing)
 .eh_frame      0x00000000001154e0       0x2c binaries/init.o
                                         0x44 (size before relaxing)
 .eh_frame      0x000000000011550c       0x7c binaries/initialize.o
                                         0x94 (size before relaxing)
 .eh_frame      0x0000000000115588       0x24 binaries/insert.o
                                         0x3c (size before relaxing)
 .eh_frame      0x00000000001155ac       0x38 binaries/insertd.o
                                         0x50 (size before relaxing)
 .eh_frame      0x00000000001155e4       0x14 binaries/ioerr.o
                                         0x2c (size before relaxing)
 .eh_frame      0x00000000001155f8       0x14 binaries/ionull.o
                                         0x2c (size before relaxing)
 .eh_frame      0x000000000011560c       0x40 binaries/kill.o
                                         0x58 (size before relaxing)
 .eh_frame      0x000000000011564c       0x40 binaries/kprintf.o
                                         0x58 (size before relaxing)
 .eh_frame      0x000000000011568c       0x1c binaries/main.o
                                         0x34 (size before relaxing)
 .eh_frame      0x00000000001156a8       0x3c binaries/mark.o
                                         0x54 (size before relaxing)
 .eh_frame      0x00000000001156e4       0x58 binaries/meminit.o
                                         0x70 (size before relaxing)
 .eh_frame      0x000000000011573c       0x20 binaries/mkbufpool.o
                                         0x38 (size before relaxing)
 .eh_frame      0x000000000011575c       0x14 binaries/newqueue.o
                                         0x2c (size before relaxing)
 .eh_frame      0x0000000000115770       0x2c binaries/open.o
                                         0x44 (size before relaxing)
 .eh_frame      0x000000000011579c       0x14 binaries/panic.o
                                         0x2c (size before relaxing)
 .eh_frame      0x00000000001157b0       0xe0 binaries/pci.o
                                         0xf8 (size before relaxing)
 .eh_frame      0x0000000000115890       0x30 binaries/platinit.o
                                         0x48 (size before relaxing)
 .eh_frame      0x00000000001158c0       0x3c binaries/ptclear.o
                                         0x54 (size before relaxing)
 .eh_frame      0x00000000001158fc       0x34 binaries/ptcount.o
                                         0x4c (size before relaxing)
 .eh_frame      0x0000000000115930       0x3c binaries/ptcreate.o
                                         0x54 (size before relaxing)
 .eh_frame      0x000000000011596c       0x2c binaries/ptdelete.o
                                         0x44 (size before relaxing)
 .eh_frame      0x0000000000115998       0x2c binaries/ptinit.o
                                         0x44 (size before relaxing)
 .eh_frame      0x00000000001159c4       0x3c binaries/ptrecv.o
                                         0x54 (size before relaxing)
 .eh_frame      0x0000000000115a00       0x2c binaries/ptreset.o
                                         0x44 (size before relaxing)
 .eh_frame      0x0000000000115a2c       0x34 binaries/ptsend.o
                                         0x4c (size before relaxing)
 .eh_frame      0x0000000000115a60       0x34 binaries/putc.o
                                         0x4c (size before relaxing)
 .eh_frame      0x0000000000115a94       0x24 binaries/quark_irq.o
                                         0x3c (size before relaxing)
 .eh_frame      0x0000000000115ab8       0x60 binaries/quark_pdat.o
                                         0x78 (size before relaxing)
 .eh_frame      0x0000000000115b18       0x34 binaries/queue.o
                                         0x4c (size before relaxing)
 .eh_frame      0x0000000000115b4c       0x2c binaries/read.o
                                         0x44 (size before relaxing)
 .eh_frame      0x0000000000115b78       0x18 binaries/ready.o
                                         0x30 (size before relaxing)
 .eh_frame      0x0000000000115b90       0x34 binaries/receive.o
                                         0x4c (size before relaxing)
 .eh_frame      0x0000000000115bc4       0x20 binaries/recvclr.o
                                         0x38 (size before relaxing)
 .eh_frame      0x0000000000115be4       0x3c binaries/recvtime.o
                                         0x54 (size before relaxing)
 .eh_frame      0x0000000000115c20       0x4c binaries/resched.o
                                         0x64 (size before relaxing)
 .eh_frame      0x0000000000115c6c       0x34 binaries/resume.o
                                         0x4c (size before relaxing)
 .eh_frame      0x0000000000115ca0       0x2c binaries/seek.o
                                         0x44 (size before relaxing)
 .eh_frame      0x0000000000115ccc       0x24 binaries/semcount.o
                                         0x3c (size before relaxing)
 .eh_frame      0x0000000000115cf0       0x3c binaries/semcreate.o
                                         0x54 (size before relaxing)
 .eh_frame      0x0000000000115d2c       0x2c binaries/semdelete.o
                                         0x44 (size before relaxing)
 .eh_frame      0x0000000000115d58       0x3c binaries/semreset.o
                                         0x54 (size before relaxing)
 .eh_frame      0x0000000000115d94       0x2c binaries/send.o
                                         0x44 (size before relaxing)
 .eh_frame      0x0000000000115dc0       0x2c binaries/signal.o
                                         0x44 (size before relaxing)
 .eh_frame      0x0000000000115dec       0x34 binaries/signaln.o
                                         0x4c (size before relaxing)
 .eh_frame      0x0000000000115e20       0x44 binaries/sleep.o
                                         0x5c (size before relaxing)
 .eh_frame      0x0000000000115e64       0x40 binaries/stacktrace.o
                                         0x58 (size before relaxing)
 .eh_frame      0x0000000000115ea4       0x3c binaries/suspend.o
                                         0x54 (size before relaxing)
 .eh_frame      0x0000000000115ee0       0x2c binaries/unsleep.o
                                         0x44 (size before relaxing)
 .eh_frame      0x0000000000115f0c       0x18 binaries/userret.o
                                         0x30 (size before relaxing)
 .eh_frame      0x0000000000115f24       0x34 binaries/wait.o
                                         0x4c (size before relaxing)
 .eh_frame      0x0000000000115f58       0x18 binaries/wakeup.o
                                         0x30 (size before relaxing)
 .eh_frame      0x0000000000115f70       0x2c binaries/write.o
                                         0x44 (size before relaxing)
 .eh_frame      0x0000000000115f9c       0x18 binaries/xdone.o
                                         0x30 (size before relaxing)
 .eh_frame      0x0000000000115fb4       0x20 binaries/yield.o
                                         0x38 (size before relaxing)
 .eh_frame      0x0000000000115fd4       0x14 binaries/abs.o
                                         0x2c (size before relaxing)
 .eh_frame      0x0000000000115fe8       0x24 binaries/atoi.o
                                         0x3c (size before relaxing)
 .eh_frame      0x000000000011600c       0x24 binaries/atol.o
                                         0x3c (size before relaxing)
 .eh_frame      0x0000000000116030       0x14 binaries/bzero.o
                                         0x2c (size before relaxing)
 .eh_frame      0x0000000000116044       0xe4 binaries/doprnt.o
                                         0xfc (size before relaxing)
 .eh_frame      0x0000000000116128       0x40 binaries/doscan.o
                                         0x58 (size before relaxing)
 .eh_frame      0x0000000000116168       0x7c binaries/fdoprnt.o
                                         0x94 (size before relaxing)
 .eh_frame      0x00000000001161e4       0x18 binaries/fgetc.o
                                         0x30 (size before relaxing)
 .eh_frame      0x00000000001161fc       0x3c binaries/fgets.o
                                         0x54 (size before relaxing)
 .eh_frame      0x0000000000116238       0x18 binaries/fprintf.o
                                         0x30 (size before relaxing)
 .eh_frame      0x0000000000116250       0x18 binaries/fputc.o
                                         0x30 (size before relaxing)
 .eh_frame      0x0000000000116268       0x2c binaries/fputs.o
                                         0x44 (size before relaxing)
 .eh_frame      0x0000000000116294       0x4c binaries/fscanf.o
                                         0x64 (size before relaxing)
 .eh_frame      0x00000000001162e0       0x18 binaries/getchar.o
                                         0x30 (size before relaxing)
 .eh_frame      0x00000000001162f8       0x14 binaries/labs.o
                                         0x2c (size before relaxing)
 .eh_frame      0x000000000011630c       0x14 binaries/memchr.o
                                         0x2c (size before relaxing)
 .eh_frame      0x0000000000116320       0x24 binaries/memcmp.o
                                         0x3c (size before relaxing)
 .eh_frame      0x0000000000116344       0x24 binaries/memcpy.o
                                         0x3c (size before relaxing)
 .eh_frame      0x0000000000116368       0x1c binaries/memset.o
                                         0x34 (size before relaxing)
 .eh_frame      0x0000000000116384       0x18 binaries/printf.o
                                         0x30 (size before relaxing)
 .eh_frame      0x000000000011639c       0x18 binaries/putchar.o
                                         0x30 (size before relaxing)
 .eh_frame      0x00000000001163b4       0xa8 binaries/qsort.o
                                         0xc0 (size before relaxing)
 .eh_frame      0x000000000011645c       0x60 binaries/rand.o
                                         0x78 (size before relaxing)
 .eh_frame      0x00000000001164bc       0x3c binaries/sprintf.o
                                         0x54 (size before relaxing)
 .eh_frame      0x00000000001164f8       0x40 binaries/sscanf.o
                                         0x58 (size before relaxing)
 .eh_frame      0x0000000000116538       0x1c binaries/strchr.o
                                         0x34 (size before relaxing)
 .eh_frame      0x0000000000116554       0x1c binaries/strcmp.o
                                         0x34 (size before relaxing)
 .eh_frame      0x0000000000116570       0x14 binaries/strcpy.o
                                         0x2c (size before relaxing)
 .eh_frame      0x0000000000116584       0x14 binaries/strlen.o
                                         0x2c (size before relaxing)
 .eh_frame      0x0000000000116598       0x2c binaries/strncat.o
                                         0x44 (size before relaxing)
 .eh_frame      0x00000000001165c4       0x1c binaries/strncmp.o
                                         0x34 (size before relaxing)
 .eh_frame      0x00000000001165e0       0x30 binaries/strncpy.o
                                         0x48 (size before relaxing)
 .eh_frame      0x0000000000116610       0x14 binaries/strnlen.o
                                         0x2c (size before relaxing)
 .eh_frame      0x0000000000116624       0x1c binaries/strrchr.o
                                         0x34 (size before relaxing)
 .eh_frame      0x0000000000116640       0x38 binaries/strstr.o
                                         0x50 (size before relaxing)
 .eh_frame      0x0000000000116678       0x2c binaries/ttycontrol.o
                                         0x44 (size before relaxing)
 .eh_frame      0x00000000001166a4       0x2c binaries/ttygetc.o
                                         0x44 (size before relaxing)
 .eh_frame      0x00000000001166d0       0x80 binaries/ttyhandle_in.o
                                         0x98 (size before relaxing)
 .eh_frame      0x0000000000116750       0x40 binaries/ttyhandle_out.o
                                         0x58 (size before relaxing)
 .eh_frame      0x0000000000116790       0x2c binaries/ttyhandler.o
                                         0x44 (size before relaxing)
 .eh_frame      0x00000000001167bc       0x2c binaries/ttyinit.o
                                         0x44 (size before relaxing)
 .eh_frame      0x00000000001167e8       0x14 binaries/ttykickout.o
                                         0x2c (size before relaxing)
 .eh_frame      0x00000000001167fc       0x34 binaries/ttyputc.o
                                         0x4c (size before relaxing)
 .eh_frame      0x0000000000116830       0x3c binaries/ttyread.o
                                         0x54 (size before relaxing)
 .eh_frame      0x000000000011686c       0x34 binaries/ttywrite.o
                                         0x4c (size before relaxing)
 .eh_frame      0x00000000001168a0       0x50 binaries/mount.o
                                         0x68 (size before relaxing)
 .eh_frame      0x00000000001168f0       0x40 binaries/naminit.o
                                         0x58 (size before relaxing)
 .eh_frame      0x0000000000116930       0xa4 binaries/nammap.o
                                         0xbc (size before relaxing)
 .eh_frame      0x00000000001169d4       0x1c binaries/namopen.o
                                         0x34 (size before relaxing)
 .eh_frame      0x00000000001169f0       0x3c binaries/colon2mac.o
                                         0x54 (size before relaxing)
 .eh_frame      0x0000000000116a2c       0x18 binaries/ethcontrol.o
                                         0x30 (size before relaxing)
 .eh_frame      0x0000000000116a44       0x34 binaries/ethhandler.o
                                         0x4c (size before relaxing)
 .eh_frame      0x0000000000116a78       0x94 binaries/ethinit.o
                                         0xac (size before relaxing)
 .eh_frame      0x0000000000116b0c       0x68 binaries/ethmcast.o
                                         0x80 (size before relaxing)
 .eh_frame      0x0000000000116b74       0x40 binaries/ethread.o
                                         0x58 (size before relaxing)
 .eh_frame      0x0000000000116bb4       0x3c binaries/ethwrite.o
                                         0x54 (size before relaxing)
 .eh_frame      0x0000000000116bf0       0x24 binaries/rdsbufalloc.o
                                         0x3c (size before relaxing)
 .eh_frame      0x0000000000116c14       0x30 binaries/rdsclose.o
                                         0x48 (size before relaxing)
 .eh_frame      0x0000000000116c44       0x40 binaries/rdscomm.o
                                         0x58 (size before relaxing)
 .eh_frame      0x0000000000116c84       0x2c binaries/rdscontrol.o
                                         0x44 (size before relaxing)
 .eh_frame      0x0000000000116cb0       0x40 binaries/rdsinit.o
                                         0x58 (size before relaxing)
 .eh_frame      0x0000000000116cf0       0x40 binaries/rdsopen.o
                                         0x58 (size before relaxing)
 .eh_frame      0x0000000000116d30       0x2c binaries/rdsprocess.o
                                         0x44 (size before relaxing)
 .eh_frame      0x0000000000116d5c       0x40 binaries/rdsread.o
                                         0x58 (size before relaxing)
 .eh_frame      0x0000000000116d9c       0x34 binaries/rdswrite.o
                                         0x4c (size before relaxing)
 .eh_frame      0x0000000000116dd0       0x14 binaries/ramclose.o
                                         0x2c (size before relaxing)
 .eh_frame      0x0000000000116de4       0x18 binaries/raminit.o
                                         0x30 (size before relaxing)
 .eh_frame      0x0000000000116dfc       0x14 binaries/ramopen.o
                                         0x2c (size before relaxing)
 .eh_frame      0x0000000000116e10       0x18 binaries/ramread.o
                                         0x30 (size before relaxing)
 .eh_frame      0x0000000000116e28       0x18 binaries/ramwrite.o
                                         0x30 (size before relaxing)
 .eh_frame      0x0000000000116e40       0x2c binaries/lfdballoc.o
                                         0x44 (size before relaxing)
 .eh_frame      0x0000000000116e6c       0x24 binaries/lfdbfree.o
                                         0x3c (size before relaxing)
 .eh_frame      0x0000000000116e90       0x24 binaries/lfflush.o
                                         0x3c (size before relaxing)
 .eh_frame      0x0000000000116eb4       0x14 binaries/lfgetmode.o
                                         0x2c (size before relaxing)
 .eh_frame      0x0000000000116ec8       0x24 binaries/lfiballoc.o
                                         0x3c (size before relaxing)
 .eh_frame      0x0000000000116eec       0x14 binaries/lfibclear.o
                                         0x2c (size before relaxing)
 .eh_frame      0x0000000000116f00       0x40 binaries/lfibget.o
                                         0x58 (size before relaxing)
 .eh_frame      0x0000000000116f40       0x40 binaries/lfibput.o
                                         0x58 (size before relaxing)
 .eh_frame      0x0000000000116f80       0x2c binaries/lflclose.o
                                         0x44 (size before relaxing)
 .eh_frame      0x0000000000116fac       0x2c binaries/lflcontrol.o
                                         0x44 (size before relaxing)
 .eh_frame      0x0000000000116fd8       0x2c binaries/lflgetc.o
                                         0x44 (size before relaxing)
 .eh_frame      0x0000000000117004       0x24 binaries/lflinit.o
                                         0x3c (size before relaxing)
 .eh_frame      0x0000000000117028       0x34 binaries/lflputc.o
                                         0x4c (size before relaxing)
 .eh_frame      0x000000000011705c       0x3c binaries/lflread.o
                                         0x54 (size before relaxing)
 .eh_frame      0x0000000000117098       0x34 binaries/lflseek.o
                                         0x4c (size before relaxing)
 .eh_frame      0x00000000001170cc       0x3c binaries/lflwrite.o
                                         0x54 (size before relaxing)
 .eh_frame      0x0000000000117108       0x40 binaries/lfsckfmt.o
                                         0x58 (size before relaxing)
 .eh_frame      0x0000000000117148       0x40 binaries/lfscreate.o
                                         0x58 (size before relaxing)
 .eh_frame      0x0000000000117188       0x40 binaries/lfsetup.o
                                         0x58 (size before relaxing)
 .eh_frame      0x00000000001171c8       0x18 binaries/lfsinit.o
                                         0x30 (size before relaxing)
 .eh_frame      0x00000000001171e0       0x40 binaries/lfsopen.o
                                         0x58 (size before relaxing)
 .eh_frame      0x0000000000117220       0x40 binaries/lftruncate.o
                                         0x58 (size before relaxing)
 .eh_frame      0x0000000000117260       0x18 binaries/rflclose.o
                                         0x30 (size before relaxing)
 .eh_frame      0x0000000000117278       0x18 binaries/rflgetc.o
                                         0x30 (size before relaxing)
 .eh_frame      0x0000000000117290       0x14 binaries/rflinit.o
                                         0x2c (size before relaxing)
 .eh_frame      0x00000000001172a4       0x18 binaries/rflputc.o
                                         0x30 (size before relaxing)
 .eh_frame      0x00000000001172bc       0x40 binaries/rflread.o
                                         0x58 (size before relaxing)
 .eh_frame      0x00000000001172fc       0x18 binaries/rflseek.o
                                         0x30 (size before relaxing)
 .eh_frame      0x0000000000117314       0x40 binaries/rflwrite.o
                                         0x58 (size before relaxing)
 .eh_frame      0x0000000000117354       0x40 binaries/rfscomm.o
                                         0x58 (size before relaxing)
 .eh_frame      0x0000000000117394       0x2c binaries/rfscontrol.o
                                         0x44 (size before relaxing)
 .eh_frame      0x00000000001173c0       0x14 binaries/rfsgetmode.o
                                         0x2c (size before relaxing)
 .eh_frame      0x00000000001173d4       0x18 binaries/rfsinit.o
                                         0x30 (size before relaxing)
 .eh_frame      0x00000000001173ec       0x1c binaries/rfsndmsg.o
                                         0x34 (size before relaxing)
 .eh_frame      0x0000000000117408       0x2c binaries/rfsopen.o
                                         0x44 (size before relaxing)
 .eh_frame      0x0000000000117434       0xf0 binaries/arp.o
                                        0x108 (size before relaxing)
 .eh_frame      0x0000000000117524       0xec binaries/dhcp.o
                                        0x104 (size before relaxing)
 .eh_frame      0x0000000000117610       0xf8 binaries/dns.o
                                        0x110 (size before relaxing)
 .eh_frame      0x0000000000117708       0x38 binaries/dot2ip.o
                                         0x50 (size before relaxing)
 .eh_frame      0x0000000000117740       0x74 binaries/hexdump.o
                                         0x8c (size before relaxing)
 .eh_frame      0x00000000001177b4      0x1b8 binaries/icmp.o
                                        0x1d0 (size before relaxing)
 .eh_frame      0x000000000011796c      0x130 binaries/ip.o
                                        0x148 (size before relaxing)
 .eh_frame      0x0000000000117a9c       0x60 binaries/net.o
                                         0x78 (size before relaxing)
 .eh_frame      0x0000000000117afc       0x24 binaries/netstart.o
                                         0x3c (size before relaxing)
 .eh_frame      0x0000000000117b20       0x48 binaries/pdump.o
                                         0x60 (size before relaxing)
 .eh_frame      0x0000000000117b68       0x98 binaries/tftp.o
                                         0xb0 (size before relaxing)
 .eh_frame      0x0000000000117c00      0x1e8 binaries/udp.o
                                        0x200 (size before relaxing)
 .eh_frame      0x0000000000117de8       0x3c binaries/addargs.o
                                         0x54 (size before relaxing)
 .eh_frame      0x0000000000117e24       0x38 binaries/lexan.o
                                         0x50 (size before relaxing)
 .eh_frame      0x0000000000117e5c       0x40 binaries/shell.o
                                         0x58 (size before relaxing)
 .eh_frame      0x0000000000117e9c       0x34 binaries/xsh_argecho.o
                                         0x4c (size before relaxing)
 .eh_frame      0x0000000000117ed0       0x40 binaries/xsh_arp.o
                                         0x58 (size before relaxing)
 .eh_frame      0x0000000000117f10       0x40 binaries/xsh_cat.o
                                         0x58 (size before relaxing)
 .eh_frame      0x0000000000117f50       0x18 binaries/xsh_clear.o
                                         0x30 (size before relaxing)
 .eh_frame      0x0000000000117f68       0x24 binaries/xsh_date.o
                                         0x3c (size before relaxing)
 .eh_frame      0x0000000000117f8c       0x2c binaries/xsh_devdump.o
[...]
 .comment       0x0000000000000000       0x2b binaries/icmp.o
 .comment       0x0000000000000000       0x2b binaries/ip.o
 .comment       0x0000000000000000       0x2b binaries/net.o
 .comment       0x0000000000000000       0x2b binaries/netstart.o
 .comment       0x0000000000000000       0x2b binaries/pdump.o
 .comment       0x0000000000000000       0x2b binaries/tftp.o
 .comment       0x0000000000000000       0x2b binaries/udp.o
 .comment       0x0000000000000000       0x2b binaries/addargs.o
 .comment       0x0000000000000000       0x2b binaries/lexan.o
 .comment       0x0000000000000000       0x2b binaries/shell.o
 .comment       0x0000000000000000       0x2b binaries/xsh_argecho.o
 .comment       0x0000000000000000       0x2b binaries/xsh_arp.o
 .comment       0x0000000000000000       0x2b binaries/xsh_cat.o
 .comment       0x0000000000000000       0x2b binaries/xsh_clear.o
 .comment       0x0000000000000000       0x2b binaries/xsh_date.o
 .comment       0x0000000000000000       0x2b binaries/xsh_devdump.o
 .comment       0x0000000000000000       0x2b binaries/xsh_echo.o
 .comment       0x0000000000000000       0x2b binaries/xsh_exit.o
 .comment       0x0000000000000000       0x2b binaries/xsh_help.o
 .comment       0x0000000000000000       0x2b binaries/xsh_ipaddr.o
 .comment       0x0000000000000000       0x2b binaries/xsh_kill.o
 .comment       0x0000000000000000       0x2b binaries/xsh_memdump.o
 .comment       0x0000000000000000       0x2b binaries/xsh_memstat.o
 .comment       0x0000000000000000       0x2b binaries/xsh_ping.o
 .comment       0x0000000000000000       0x2b binaries/xsh_ps.o
 .comment       0x0000000000000000       0x2b binaries/xsh_sleep.o
 .comment       0x0000000000000000       0x2b binaries/xsh_udpdump.o
 .comment       0x0000000000000000       0x2b binaries/xsh_udpecho.o
 .comment       0x0000000000000000       0x2b binaries/xsh_udpeserver.o
 .comment       0x0000000000000000       0x2b binaries/xsh_uptime.o

.note.GNU-stack
                0x0000000000000000        0x0
 .note.GNU-stack
                0x0000000000000000        0x0 binaries/ascdate.o
 .note.GNU-stack
                0x0000000000000000        0x0 binaries/bufinit.o
 .note.GNU-stack
                0x0000000000000000        0x0 binaries/chprio.o
 .note.GNU-stack
                0x0000000000000000        0x0 binaries/clkhandler.o
 .note.GNU-stack
                0x0000000000000000        0x0 binaries/clkinit.o
 .note.GNU-stack
                0x0000000000000000        0x0 binaries/close.o
 .note.GNU-stack
                0x0000000000000000        0x0 binaries/conf.o
 .note.GNU-stack
                0x0000000000000000        0x0 binaries/control.o
 .note.GNU-stack
                0x0000000000000000        0x0 binaries/create.o
 .note.GNU-stack
                0x0000000000000000        0x0 binaries/early_imr.o
 .note.GNU-stack
                0x0000000000000000        0x0 binaries/evec.o
 .note.GNU-stack
                0x0000000000000000        0x0 binaries/exit.o
 .note.GNU-stack
                0x0000000000000000        0x0 binaries/freebuf.o
 .note.GNU-stack
                0x0000000000000000        0x0 binaries/freemem.o
 .note.GNU-stack
                0x0000000000000000        0x0 binaries/getbuf.o
 .note.GNU-stack
                0x0000000000000000        0x0 binaries/getc.o
 .note.GNU-stack
                0x0000000000000000        0x0 binaries/getdev.o
 .note.GNU-stack
                0x0000000000000000        0x0 binaries/getitem.o
 .note.GNU-stack
                0x0000000000000000        0x0 binaries/getmem.o
 .note.GNU-stack
                0x0000000000000000        0x0 binaries/getpid.o
 .note.GNU-stack
                0x0000000000000000        0x0 binaries/getprio.o
 .note.GNU-stack
                0x0000000000000000        0x0 binaries/getstk.o
 .note.GNU-stack
                0x0000000000000000        0x0 binaries/gettime.o
 .note.GNU-stack
                0x0000000000000000        0x0 binaries/getutime.o
 .note.GNU-stack
                0x0000000000000000        0x0 binaries/init.o
 .note.GNU-stack
                0x0000000000000000        0x0 binaries/initialize.o
 .note.GNU-stack
                0x0000000000000000        0x0 binaries/insert.o
 .note.GNU-stack
                0x0000000000000000        0x0 binaries/insertd.o
 .note.GNU-stack
                0x0000000000000000        0x0 binaries/ioerr.o
 .note.GNU-stack
                0x0000000000000000        0x0 binaries/ionull.o
 .note.GNU-stack
                0x0000000000000000        0x0 binaries/kill.o
 .note.GNU-stack
                0x0000000000000000        0x0 binaries/kprintf.o
 .note.GNU-stack
                0x0000000000000000        0x0 binaries/main.o
 .note.GNU-stack
                0x0000000000000000        0x0 binaries/mark.o
 .note.GNU-stack
                0x0000000000000000        0x0 binaries/meminit.o
 .note.GNU-stack
                0x0000000000000000        0x0 binaries/mkbufpool.o
 .note.GNU-stack
                0x0000000000000000        0x0 binaries/newqueue.o
 .note.GNU-stack
                0x0000000000000000        0x0 binaries/open.o
 .note.GNU-stack
                0x0000000000000000        0x0 binaries/panic.o
 .note.GNU-stack
                0x0000000000000000        0x0 binaries/pci.o
 .note.GNU-stack
                0x0000000000000000        0x0 binaries/platinit.o
 .note.GNU-stack
                0x0000000000000000        0x0 binaries/ptclear.o
 .note.GNU-stack
                0x0000000000000000        0x0 binaries/ptcount.o
 .note.GNU-stack
                0x0000000000000000        0x0 binaries/ptcreate.o
 .note.GNU-stack
                0x0000000000000000        0x0 binaries/ptdelete.o
 .note.GNU-stack
                0x0000000000000000        0x0 binaries/ptinit.o
 .note.GNU-stack
                0x0000000000000000        0x0 binaries/ptrecv.o
 .note.GNU-stack
                0x0000000000000000        0x0 binaries/ptreset.o
 .note.GNU-stack
                0x0000000000000000        0x0 binaries/ptsend.o
 .note.GNU-stack
                0x0000000000000000        0x0 binaries/putc.o
 .note.GNU-stack
                0x0000000000000000        0x0 binaries/quark_irq.o
 .note.GNU-stack
                0x0000000000000000        0x0 binaries/quark_pdat.o
 .note.GNU-stack
                0x0000000000000000        0x0 binaries/queue.o
 .note.GNU-stack
                0x0000000000000000        0x0 binaries/read.o
 .note.GNU-stack
                0x0000000000000000        0x0 binaries/ready.o
 .note.GNU-stack
                0x0000000000000000        0x0 binaries/receive.o
 .note.GNU-stack
                0x0000000000000000        0x0 binaries/recvclr.o
 .note.GNU-stack
                0x0000000000000000        0x0 binaries/recvtime.o
 .note.GNU-stack
                0x0000000000000000        0x0 binaries/resched.o
 .note.GNU-stack
                0x0000000000000000        0x0 binaries/resume.o
 .note.GNU-stack
                0x0000000000000000        0x0 binaries/seek.o
 .note.GNU-stack
                0x0000000000000000        0x0 binaries/semcount.o
 .note.GNU-stack
                0x0000000000000000        0x0 binaries/semcreate.o
 .note.GNU-stack
                0x0000000000000000        0x0 binaries/semdelete.o
 .note.GNU-stack
                0x0000000000000000        0x0 binaries/semreset.o
 .note.GNU-stack
                0x0000000000000000        0x0 binaries/send.o
 .note.GNU-stack
                0x0000000000000000        0x0 binaries/signal.o
 .note.GNU-stack
                0x0000000000000000        0x0 binaries/signaln.o
 .note.GNU-stack
                0x0000000000000000        0x0 binaries/sleep.o
 .note.GNU-stack
                0x0000000000000000        0x0 binaries/stacktrace.o
 .note.GNU-stack
                0x0000000000000000        0x0 binaries/suspend.o
 .note.GNU-stack
                0x0000000000000000        0x0 binaries/unsleep.o
 .note.GNU-stack
                0x0000000000000000        0x0 binaries/userret.o
 .note.GNU-stack
                0x0000000000000000        0x0 binaries/wait.o
 .note.GNU-stack
                0x0000000000000000        0x0 binaries/wakeup.o
 .note.GNU-stack
                0x0000000000000000        0x0 binaries/write.o
 .note.GNU-stack
                0x0000000000000000        0x0 binaries/xdone.o
 .note.GNU-stack
                0x0000000000000000        0x0 binaries/yield.o
 .note.GNU-stack
                0x0000000000000000        0x0 binaries/abs.o
 .note.GNU-stack
                0x0000000000000000        0x0 binaries/atoi.o
 .note.GNU-stack
                0x0000000000000000        0x0 binaries/atol.o
 .note.GNU-stack
                0x0000000000000000        0x0 binaries/bzero.o
 .note.GNU-stack
                0x0000000000000000        0x0 binaries/ctype_.o
 .note.GNU-stack
                0x0000000000000000        0x0 binaries/doprnt.o
 .note.GNU-stack
                0x0000000000000000        0x0 binaries/doscan.o
 .note.GNU-stack
                0x0000000000000000        0x0 binaries/fdoprnt.o
 .note.GNU-stack
                0x0000000000000000        0x0 binaries/fgetc.o
 .note.GNU-stack
                0x0000000000000000        0x0 binaries/fgets.o
 .note.GNU-stack
                0x0000000000000000        0x0 binaries/fprintf.o
 .note.GNU-stack
                0x0000000000000000        0x0 binaries/fputc.o
 .note.GNU-stack
                0x0000000000000000        0x0 binaries/fputs.o
 .note.GNU-stack
                0x0000000000000000        0x0 binaries/fscanf.o
 .note.GNU-stack
                0x0000000000000000        0x0 binaries/getchar.o
 .note.GNU-stack
                0x0000000000000000        0x0 binaries/labs.o
 .note.GNU-stack
                0x0000000000000000        0x0 binaries/memchr.o
 .note.GNU-stack
                0x0000000000000000        0x0 binaries/memcmp.o
 .note.GNU-stack
                0x0000000000000000        0x0 binaries/memcpy.o
 .note.GNU-stack
                0x0000000000000000        0x0 binaries/memset.o
 .note.GNU-stack
                0x0000000000000000        0x0 binaries/printf.o
 .note.GNU-stack
                0x0000000000000000        0x0 binaries/putchar.o
 .note.GNU-stack
                0x0000000000000000        0x0 binaries/qsort.o
 .note.GNU-stack
                0x0000000000000000        0x0 binaries/rand.o
 .note.GNU-stack
                0x0000000000000000        0x0 binaries/sprintf.o
 .note.GNU-stack
                0x0000000000000000        0x0 binaries/sscanf.o
 .note.GNU-stack
                0x0000000000000000        0x0 binaries/strchr.o
 .note.GNU-stack
                0x0000000000000000        0x0 binaries/strcmp.o
 .note.GNU-stack
                0x0000000000000000        0x0 binaries/strcpy.o
 .note.GNU-stack
                0x0000000000000000        0x0 binaries/strlen.o
 .note.GNU-stack
                0x0000000000000000        0x0 binaries/strncat.o
 .note.GNU-stack
                0x0000000000000000        0x0 binaries/strncmp.o
 .note.GNU-stack
                0x0000000000000000        0x0 binaries/strncpy.o
 .note.GNU-stack
                0x0000000000000000        0x0 binaries/strnlen.o
 .note.GNU-stack
                0x0000000000000000        0x0 binaries/strrchr.o
 .note.GNU-stack
                0x0000000000000000        0x0 binaries/strstr.o
 .note.GNU-stack
                0x0000000000000000        0x0 binaries/ttycontrol.o
 .note.GNU-stack
                0x0000000000000000        0x0 binaries/ttygetc.o
 .note.GNU-stack
                0x0000000000000000        0x0 binaries/ttyhandle_in.o
 .note.GNU-stack
                0x0000000000000000        0x0 binaries/ttyhandle_out.o
 .note.GNU-stack
                0x0000000000000000        0x0 binaries/ttyhandler.o
 .note.GNU-stack
                0x0000000000000000        0x0 binaries/ttyinit.o
 .note.GNU-stack
                0x0000000000000000        0x0 binaries/ttykickout.o
 .note.GNU-stack
                0x0000000000000000        0x0 binaries/ttyputc.o
 .note.GNU-stack
                0x0000000000000000        0x0 binaries/ttyread.o
 .note.GNU-stack
                0x0000000000000000        0x0 binaries/ttywrite.o
 .note.GNU-stack
                0x0000000000000000        0x0 binaries/mount.o
 .note.GNU-stack
                0x0000000000000000        0x0 binaries/naminit.o
 .note.GNU-stack
                0x0000000000000000        0x0 binaries/nammap.o
 .note.GNU-stack
                0x0000000000000000        0x0 binaries/namopen.o
 .note.GNU-stack
                0x0000000000000000        0x0 binaries/colon2mac.o
 .note.GNU-stack
                0x0000000000000000        0x0 binaries/ethcontrol.o
 .note.GNU-stack
                0x0000000000000000        0x0 binaries/ethhandler.o
 .note.GNU-stack
                0x0000000000000000        0x0 binaries/ethinit.o
 .note.GNU-stack
                0x0000000000000000        0x0 binaries/ethmcast.o
 .note.GNU-stack
                0x0000000000000000        0x0 binaries/ethread.o
 .note.GNU-stack
                0x0000000000000000        0x0 binaries/ethwrite.o
 .note.GNU-stack
                0x0000000000000000        0x0 binaries/rdsbufalloc.o
 .note.GNU-stack
                0x0000000000000000        0x0 binaries/rdsclose.o
 .note.GNU-stack
                0x0000000000000000        0x0 binaries/rdscomm.o
 .note.GNU-stack
                0x0000000000000000        0x0 binaries/rdscontrol.o
 .note.GNU-stack
                0x0000000000000000        0x0 binaries/rdsinit.o
 .note.GNU-stack
                0x0000000000000000        0x0 binaries/rdsopen.o
 .note.GNU-stack
                0x0000000000000000        0x0 binaries/rdsprocess.o
 .note.GNU-stack
                0x0000000000000000        0x0 binaries/rdsread.o
 .note.GNU-stack
                0x0000000000000000        0x0 binaries/rdswrite.o
 .note.GNU-stack
                0x0000000000000000        0x0 binaries/ramclose.o
 .note.GNU-stack
                0x0000000000000000        0x0 binaries/raminit.o
 .note.GNU-stack
                0x0000000000000000        0x0 binaries/ramopen.o
 .note.GNU-stack
                0x0000000000000000        0x0 binaries/ramread.o
 .note.GNU-stack
                0x0000000000000000        0x0 binaries/ramwrite.o
 .note.GNU-stack
                0x0000000000000000        0x0 binaries/lfdballoc.o
 .note.GNU-stack
                0x0000000000000000        0x0 binaries/lfdbfree.o
 .note.GNU-stack
                0x0000000000000000        0x0 binaries/lfflush.o
 .note.GNU-stack
                0x0000000000000000        0x0 binaries/lfgetmode.o
 .note.GNU-stack
                0x0000000000000000        0x0 binaries/lfiballoc.o
 .note.GNU-stack
                0x0000000000000000        0x0 binaries/lfibclear.o
 .note.GNU-stack
                0x0000000000000000        0x0 binaries/lfibget.o
 .note.GNU-stack
                0x0000000000000000        0x0 binaries/lfibput.o
 .note.GNU-stack
                0x0000000000000000        0x0 binaries/lflclose.o
 .note.GNU-stack
                0x0000000000000000        0x0 binaries/lflcontrol.o
 .note.GNU-stack
                0x0000000000000000        0x0 binaries/lflgetc.o
 .note.GNU-stack
                0x0000000000000000        0x0 binaries/lflinit.o
 .note.GNU-stack
                0x0000000000000000        0x0 binaries/lflputc.o
 .note.GNU-stack
                0x0000000000000000        0x0 binaries/lflread.o
 .note.GNU-stack
                0x0000000000000000        0x0 binaries/lflseek.o
 .note.GNU-stack
                0x0000000000000000        0x0 binaries/lflwrite.o
 .note.GNU-stack
                0x0000000000000000        0x0 binaries/lfsckfmt.o
 .note.GNU-stack
                0x0000000000000000        0x0 binaries/lfscreate.o
 .note.GNU-stack
                0x0000000000000000        0x0 binaries/lfsetup.o
 .note.GNU-stack
                0x0000000000000000        0x0 binaries/lfsinit.o
 .note.GNU-stack
                0x0000000000000000        0x0 binaries/lfsopen.o
 .note.GNU-stack
                0x0000000000000000        0x0 binaries/lftruncate.o
 .note.GNU-stack
                0x0000000000000000        0x0 binaries/rflclose.o
 .note.GNU-stack
                0x0000000000000000        0x0 binaries/rflgetc.o
 .note.GNU-stack
                0x0000000000000000        0x0 binaries/rflinit.o
 .note.GNU-stack
                0x0000000000000000        0x0 binaries/rflputc.o
 .note.GNU-stack
                0x0000000000000000        0x0 binaries/rflread.o
 .note.GNU-stack
                0x0000000000000000        0x0 binaries/rflseek.o
 .note.GNU-stack
                0x0000000000000000        0x0 binaries/rflwrite.o
 .note.GNU-stack
                0x0000000000000000        0x0 binaries/rfscomm.o
 .note.GNU-stack
                0x0000000000000000        0x0 binaries/rfscontrol.o
 .note.GNU-stack
                0x0000000000000000        0x0 binaries/rfsgetmode.o
 .note.GNU-stack
                0x0000000000000000        0x0 binaries/rfsinit.o
 .note.GNU-stack
                0x0000000000000000        0x0 binaries/rfsndmsg.o
 .note.GNU-stack
                0x0000000000000000        0x0 binaries/rfsopen.o
 .note.GNU-stack
                0x0000000000000000        0x0 binaries/arp.o
 .note.GNU-stack
                0x0000000000000000        0x0 binaries/dhcp.o
 .note.GNU-stack
                0x0000000000000000        0x0 binaries/dns.o
 .note.GNU-stack
                0x0000000000000000        0x0 binaries/dot2ip.o
 .note.GNU-stack
                0x0000000000000000        0x0 binaries/hexdump.o
 .note.GNU-stack
                0x0000000000000000        0x0 binaries/icmp.o
 .note.GNU-stack
                0x0000000000000000        0x0 binaries/ip.o
 .note.GNU-stack
                0x0000000000000000        0x0 binaries/net.o
 .note.GNU-stack
                0x0000000000000000        0x0 binaries/netstart.o
 .note.GNU-stack
                0x0000000000000000        0x0 binaries/pdump.o
 .note.GNU-stack
                0x0000000000000000        0x0 binaries/tftp.o
 .note.GNU-stack
                0x0000000000000000        0x0 binaries/udp.o
 .note.GNU-stack
                0x0000000000000000        0x0 binaries/addargs.o
 .note.GNU-stack
                0x0000000000000000        0x0 binaries/lexan.o
 .note.GNU-stack
                0x0000000000000000        0x0 binaries/shell.o
 .note.GNU-stack
                0x0000000000000000        0x0 binaries/xsh_argecho.o
 .note.GNU-stack
                0x0000000000000000        0x0 binaries/xsh_arp.o
 .note.GNU-stack
                0x0000000000000000        0x0 binaries/xsh_cat.o
 .note.GNU-stack
                0x0000000000000000        0x0 binaries/xsh_clear.o
 .note.GNU-stack
                0x0000000000000000        0x0 binaries/xsh_date.o
 .note.GNU-stack
                0x0000000000000000        0x0 binaries/xsh_devdump.o
 .note.GNU-stack
                0x0000000000000000        0x0 binaries/xsh_echo.o
 .note.GNU-stack
                0x0000000000000000        0x0 binaries/xsh_exit.o
 .note.GNU-stack
                0x0000000000000000        0x0 binaries/xsh_help.o
 .note.GNU-stack
                0x0000000000000000        0x0 binaries/xsh_ipaddr.o
 .note.GNU-stack
                0x0000000000000000        0x0 binaries/xsh_kill.o
 .note.GNU-stack
                0x0000000000000000        0x0 binaries/xsh_memdump.o
 .note.GNU-stack
                0x0000000000000000        0x0 binaries/xsh_memstat.o
 .note.GNU-stack
                0x0000000000000000        0x0 binaries/xsh_ping.o
 .note.GNU-stack
                0x0000000000000000        0x0 binaries/xsh_ps.o
 .note.GNU-stack
                0x0000000000000000        0x0 binaries/xsh_sleep.o
 .note.GNU-stack
                0x0000000000000000        0x0 binaries/xsh_udpdump.o
 .note.GNU-stack
                0x0000000000000000        0x0 binaries/xsh_udpecho.o
 .note.GNU-stack
                0x0000000000000000        0x0 binaries/xsh_udpeserver.o
 .note.GNU-stack
                0x0000000000000000        0x0 binaries/xsh_uptime.o
